Component: ARM Compiler 5.06 update 1 (build 61) Tool: armlink [4d35a8]

==============================================================================

Section Cross References

    main.o(.text) refers to sys.o(.text) for Stm32_Clock_Init
    main.o(.text) refers to delay.o(.text) for delay_init
    main.o(.text) refers to io.o(.text) for IO_Init
    main.o(.text) refers to tim.o(.text) for TIM_Init
    main.o(.text) refers to usart.o(.text) for USART3_Init
    main.o(.text) refers to mcu_api.o(.text) for cellular_protocol_init
    main.o(.text) refers to tim.o(.data) for F_TASK_CHK_ALLOW
    main.o(.text) refers to io.o(.data) for F_TASK_MOTOR_CHK
    system_stm32f10x.o(.text) refers to system_stm32f10x.o(.data) for SystemCoreClock
    startup_stm32f10x_hd.o(RESET) refers to startup_stm32f10x_hd.o(STACK) for __initial_sp
    startup_stm32f10x_hd.o(RESET) refers to startup_stm32f10x_hd.o(.text) for Reset_Handler
    startup_stm32f10x_hd.o(RESET) refers to tim.o(.text) for TIM2_IRQHandler
    startup_stm32f10x_hd.o(RESET) refers to usart.o(.text) for USART3_IRQHandler
    startup_stm32f10x_hd.o(.text) refers to system_stm32f10x.o(.text) for SystemInit
    startup_stm32f10x_hd.o(.text) refers to entry.o(.ARM.Collect$$$$00000000) for __main
    delay.o(.text) refers to delay.o(.data) for fac_us
    usart.o(.text) refers to ffltui.o(.text) for __aeabi_ui2f
    usart.o(.text) refers to fdiv.o(.text) for __aeabi_fdiv
    usart.o(.text) refers to ffixui.o(.text) for __aeabi_f2uiz
    usart.o(.text) refers to fadd.o(.text) for __aeabi_frsub
    usart.o(.text) refers to fmul.o(.text) for __aeabi_fmul
    usart.o(.text) refers to sys.o(.text) for MY_NVIC_Init
    usart.o(.text) refers to mcu_api.o(.text) for uart_receive_input
    io.o(.text) refers to delay.o(.text) for delay_us
    io.o(.text) refers to tim.o(.text) for TIM2_Start
    io.o(.text) refers to mcu_api.o(.text) for mcu_dp_raw_update
    io.o(.text) refers to io.o(.data) for MAIN_DATA
    io.o(.text) refers to tim.o(.data) for F_TASK_CHK_ALLOW
    io.o(.text) refers to io.o(.bss) for IoT_receive
    tim.o(.text) refers to sys.o(.text) for MY_NVIC_Init
    tim.o(.text) refers to tim.o(.data) for F_TASK_CHK_ALLOW
    tim.o(.text) refers to io.o(.data) for F_TASK_KEY_CHK
    mcu_api.o(.text) refers to system.o(.text) for set_cellular_uart_byte
    mcu_api.o(.text) refers to system.o(.data) for stop_update_flag
    mcu_api.o(.text) refers to system.o(.bss) for cellular_uart_rx_buf
    mcu_api.o(.text) refers to mcu_api.o(.data) for rx_in
    protocol.o(.text) refers to usart.o(.text) for Uart3_PutChar
    protocol.o(.text) refers to io.o(.text) for rear_inc
    protocol.o(.text) refers to mcu_api.o(.text) for mcu_dp_raw_update
    protocol.o(.text) refers to io.o(.data) for Q_U3
    protocol.o(.text) refers to io.o(.bss) for IoT_receive
    system.o(.text) refers to mcu_api.o(.text) for my_memcpy
    system.o(.text) refers to protocol.o(.text) for uart_transmit_output
    system.o(.text) refers to system.o(.bss) for cellular_uart_tx_buf
    system.o(.text) refers to system.o(.data) for mcu_reset_state
    system.o(.text) refers to protocol.o(.constdata) for download_cmd
    entry.o(.ARM.Collect$$$$00000000) refers (Special) to entry10a.o(.ARM.Collect$$$$0000000D) for __rt_final_cpp
    entry.o(.ARM.Collect$$$$00000000) refers (Special) to entry11a.o(.ARM.Collect$$$$0000000F) for __rt_final_exit
    entry.o(.ARM.Collect$$$$00000000) refers (Special) to entry7b.o(.ARM.Collect$$$$00000008) for _main_clock
    entry.o(.ARM.Collect$$$$00000000) refers (Special) to entry8b.o(.ARM.Collect$$$$0000000A) for _main_cpp_init
    entry.o(.ARM.Collect$$$$00000000) refers (Special) to entry9a.o(.ARM.Collect$$$$0000000B) for _main_init
    entry.o(.ARM.Collect$$$$00000000) refers (Special) to entry5.o(.ARM.Collect$$$$00000004) for _main_scatterload
    entry.o(.ARM.Collect$$$$00000000) refers (Special) to entry2.o(.ARM.Collect$$$$00000001) for _main_stk
    fadd.o(.text) refers (Special) to iusefp.o(.text) for __I$use$fp
    fadd.o(.text) refers to fepilogue.o(.text) for _float_epilogue
    fmul.o(.text) refers (Special) to iusefp.o(.text) for __I$use$fp
    fdiv.o(.text) refers (Special) to iusefp.o(.text) for __I$use$fp
    fdiv.o(.text) refers to fepilogue.o(.text) for _float_round
    ffltui.o(.text) refers (Special) to iusefp.o(.text) for __I$use$fp
    ffltui.o(.text) refers to fepilogue.o(.text) for _float_epilogue
    ffixui.o(.text) refers (Special) to iusefp.o(.text) for __I$use$fp
    entry2.o(.ARM.Collect$$$$00000001) refers to entry2.o(.ARM.Collect$$$$00002712) for __lit__00000000
    entry2.o(.ARM.Collect$$$$00002712) refers to startup_stm32f10x_hd.o(STACK) for __initial_sp
    entry2.o(__vectab_stack_and_reset_area) refers to startup_stm32f10x_hd.o(STACK) for __initial_sp
    entry2.o(__vectab_stack_and_reset_area) refers to entry.o(.ARM.Collect$$$$00000000) for __main
    entry5.o(.ARM.Collect$$$$00000004) refers to init.o(.text) for __scatterload
    entry9a.o(.ARM.Collect$$$$0000000B) refers to main.o(.text) for main
    entry9b.o(.ARM.Collect$$$$0000000C) refers to main.o(.text) for main
    init.o(.text) refers to entry5.o(.ARM.Collect$$$$00000004) for __main_after_scatterload


==============================================================================

Removing Unused input sections from the image.

    Removing core_cm3.o(.emb_text), (32 bytes).
    Removing startup_stm32f10x_hd.o(HEAP), (512 bytes).
    Removing sys.o(.emb_text), (2 bytes).

3 unused section(s) (total 546 bytes) removed from the image.

==============================================================================

Image Symbol Table

    Local Symbols

    Symbol Name                              Value     Ov Type        Size  Object(Section)

    ../clib/microlib/init/entry.s            0x00000000   Number         0  entry11b.o ABSOLUTE
    ../clib/microlib/init/entry.s            0x00000000   Number         0  entry.o ABSOLUTE
    ../clib/microlib/init/entry.s            0x00000000   Number         0  entry2.o ABSOLUTE
    ../clib/microlib/init/entry.s            0x00000000   Number         0  entry5.o ABSOLUTE
    ../clib/microlib/init/entry.s            0x00000000   Number         0  entry11a.o ABSOLUTE
    ../clib/microlib/init/entry.s            0x00000000   Number         0  entry7a.o ABSOLUTE
    ../clib/microlib/init/entry.s            0x00000000   Number         0  entry7b.o ABSOLUTE
    ../clib/microlib/init/entry.s            0x00000000   Number         0  entry10b.o ABSOLUTE
    ../clib/microlib/init/entry.s            0x00000000   Number         0  entry8a.o ABSOLUTE
    ../clib/microlib/init/entry.s            0x00000000   Number         0  entry9a.o ABSOLUTE
    ../clib/microlib/init/entry.s            0x00000000   Number         0  entry10a.o ABSOLUTE
    ../clib/microlib/init/entry.s            0x00000000   Number         0  entry9b.o ABSOLUTE
    ../clib/microlib/init/entry.s            0x00000000   Number         0  entry8b.o ABSOLUTE
    ../clib/microlib/stubs.s                 0x00000000   Number         0  iusefp.o ABSOLUTE
    ../fplib/microlib/fpadd.c                0x00000000   Number         0  fadd.o ABSOLUTE
    ../fplib/microlib/fpdiv.c                0x00000000   Number         0  fdiv.o ABSOLUTE
    ../fplib/microlib/fpepilogue.c           0x00000000   Number         0  fepilogue.o ABSOLUTE
    ../fplib/microlib/fpfix.c                0x00000000   Number         0  ffixui.o ABSOLUTE
    ../fplib/microlib/fpflt.c                0x00000000   Number         0  ffltui.o ABSOLUTE
    ../fplib/microlib/fpmul.c                0x00000000   Number         0  fmul.o ABSOLUTE
    Libraries\CMSIS\CM3\CoreSupport\core_cm3.c 0x00000000   Number         0  core_cm3.o ABSOLUTE
    Libraries\CMSIS\CM3\DeviceSupport\ST\STM32F10x\startup\arm\startup_stm32f10x_hd.s 0x00000000   Number         0  startup_stm32f10x_hd.o ABSOLUTE
    Libraries\CMSIS\CM3\DeviceSupport\ST\STM32F10x\system_stm32f10x.c 0x00000000   Number         0  system_stm32f10x.o ABSOLUTE
    Libraries\\CMSIS\\CM3\\CoreSupport\\core_cm3.c 0x00000000   Number         0  core_cm3.o ABSOLUTE
    SYSTEM\IO.c                              0x00000000   Number         0  io.o ABSOLUTE
    SYSTEM\TIM.c                             0x00000000   Number         0  tim.o ABSOLUTE
    SYSTEM\\sys.c                            0x00000000   Number         0  sys.o ABSOLUTE
    SYSTEM\delay.c                           0x00000000   Number         0  delay.o ABSOLUTE
    SYSTEM\sys.c                             0x00000000   Number         0  sys.o ABSOLUTE
    SYSTEM\usart.c                           0x00000000   Number         0  usart.o ABSOLUTE
    dc.s                                     0x00000000   Number         0  dc.o ABSOLUTE
    handlers.s                               0x00000000   Number         0  handlers.o ABSOLUTE
    init.s                                   0x00000000   Number         0  init.o ABSOLUTE
    mcu_sdk\mcu_api.c                        0x00000000   Number         0  mcu_api.o ABSOLUTE
    mcu_sdk\protocol.c                       0x00000000   Number         0  protocol.o ABSOLUTE
    mcu_sdk\system.c                         0x00000000   Number         0  system.o ABSOLUTE
    user\main.c                              0x00000000   Number         0  main.o ABSOLUTE
    RESET                                    0x08000000   Section      304  startup_stm32f10x_hd.o(RESET)
    .ARM.Collect$$$$00000000                 0x08000130   Section        0  entry.o(.ARM.Collect$$$$00000000)
    .ARM.Collect$$$$00000001                 0x08000130   Section        4  entry2.o(.ARM.Collect$$$$00000001)
    .ARM.Collect$$$$00000004                 0x08000134   Section        4  entry5.o(.ARM.Collect$$$$00000004)
    .ARM.Collect$$$$00000008                 0x08000138   Section        0  entry7b.o(.ARM.Collect$$$$00000008)
    .ARM.Collect$$$$0000000A                 0x08000138   Section        0  entry8b.o(.ARM.Collect$$$$0000000A)
    .ARM.Collect$$$$0000000B                 0x08000138   Section        8  entry9a.o(.ARM.Collect$$$$0000000B)
    .ARM.Collect$$$$0000000D                 0x08000140   Section        0  entry10a.o(.ARM.Collect$$$$0000000D)
    .ARM.Collect$$$$0000000F                 0x08000140   Section        0  entry11a.o(.ARM.Collect$$$$0000000F)
    .ARM.Collect$$$$00002712                 0x08000140   Section        4  entry2.o(.ARM.Collect$$$$00002712)
    __lit__00000000                          0x08000140   Data           4  entry2.o(.ARM.Collect$$$$00002712)
    .text                                    0x08000144   Section        0  main.o(.text)
    .text                                    0x08000204   Section        0  system_stm32f10x.o(.text)
    SetSysClockTo72                          0x08000205   Thumb Code   214  system_stm32f10x.o(.text)
    SetSysClock                              0x080002db   Thumb Code     8  system_stm32f10x.o(.text)
    .text                                    0x080003e4   Section       36  startup_stm32f10x_hd.o(.text)
    .text                                    0x08000408   Section        0  sys.o(.text)
    .text                                    0x08000668   Section        0  delay.o(.text)
    .text                                    0x08000718   Section        0  usart.o(.text)
    .text                                    0x08000858   Section        0  io.o(.text)
    .text                                    0x08000d8c   Section        0  tim.o(.text)
    .text                                    0x08000f5c   Section        0  mcu_api.o(.text)
    .text                                    0x08001590   Section        0  protocol.o(.text)
    dp_download_m_num_handle                 0x0800159f   Thumb Code   178  protocol.o(.text)
    .text                                    0x0800168c   Section        0  system.o(.text)
    cellular_uart_write_data                 0x080016d7   Thumb Code    36  system.o(.text)
    heat_beat_check                          0x08001747   Thumb Code    50  system.o(.text)
    product_info_update                      0x08001779   Thumb Code   164  system.o(.text)
    get_mcu_cellular_mode                    0x0800181d   Thumb Code    16  system.o(.text)
    get_dowmload_dpid_index                  0x0800182d   Thumb Code    40  system.o(.text)
    data_point_handle                        0x08001855   Thumb Code    70  system.o(.text)
    .text                                    0x080019f0   Section        0  fadd.o(.text)
    .text                                    0x08001aa0   Section        0  fmul.o(.text)
    .text                                    0x08001b04   Section        0  fdiv.o(.text)
    .text                                    0x08001b80   Section        0  ffltui.o(.text)
    .text                                    0x08001b8a   Section        0  ffixui.o(.text)
    .text                                    0x08001bb2   Section        0  iusefp.o(.text)
    .text                                    0x08001bb2   Section        0  fepilogue.o(.text)
    .text                                    0x08001c20   Section       36  init.o(.text)
    i.__scatterload_copy                     0x08001c44   Section       14  handlers.o(i.__scatterload_copy)
    i.__scatterload_null                     0x08001c52   Section        2  handlers.o(i.__scatterload_null)
    i.__scatterload_zeroinit                 0x08001c54   Section       14  handlers.o(i.__scatterload_zeroinit)
    .constdata                               0x08001c62   Section        4  protocol.o(.constdata)
    .data                                    0x20000000   Section       20  system_stm32f10x.o(.data)
    .data                                    0x20000014   Section        4  delay.o(.data)
    fac_us                                   0x20000014   Data           1  delay.o(.data)
    fac_ms                                   0x20000016   Data           2  delay.o(.data)
    .data                                    0x20000018   Section       24  io.o(.data)
    .data                                    0x20000030   Section        1  tim.o(.data)
    .data                                    0x20000032   Section        2  mcu_api.o(.data)
    rx_in                                    0x20000032   Data           2  mcu_api.o(.data)
    .data                                    0x20000034   Section       13  system.o(.data)
    mcu_reset_state                          0x20000040   Data           1  system.o(.data)
    .bss                                     0x20000044   Section       50  io.o(.bss)
    .bss                                     0x20000076   Section      109  system.o(.bss)
    STACK                                    0x200000e8   Section     1024  startup_stm32f10x_hd.o(STACK)

    Global Symbols

    Symbol Name                              Value     Ov Type        Size  Object(Section)

    BuildAttributes$$THM_ISAv4$P$D$K$B$S$PE$A:L22UL41UL21$X:L11$S22US41US21$IEEE1$IW$USESV6$~STKCKD$USESV7$~SHL$OTIME$ROPI$EBA8$MICROLIB$REQ8$PRES8$EABIv2 0x00000000   Number         0  anon$$obj.o ABSOLUTE
    __ARM_use_no_argv                        0x00000000   Number         0  main.o ABSOLUTE
    __cpp_initialize__aeabi_                  - Undefined Weak Reference
    __cxa_finalize                            - Undefined Weak Reference
    __decompress                              - Undefined Weak Reference
    _clock_init                               - Undefined Weak Reference
    _microlib_exit                            - Undefined Weak Reference
    __Vectors_Size                           0x00000130   Number         0  startup_stm32f10x_hd.o ABSOLUTE
    __Vectors                                0x08000000   Data           4  startup_stm32f10x_hd.o(RESET)
    __Vectors_End                            0x08000130   Data           0  startup_stm32f10x_hd.o(RESET)
    __main                                   0x08000131   Thumb Code     0  entry.o(.ARM.Collect$$$$00000000)
    _main_stk                                0x08000131   Thumb Code     0  entry2.o(.ARM.Collect$$$$00000001)
    _main_scatterload                        0x08000135   Thumb Code     0  entry5.o(.ARM.Collect$$$$00000004)
    __main_after_scatterload                 0x08000139   Thumb Code     0  entry5.o(.ARM.Collect$$$$00000004)
    _main_clock                              0x08000139   Thumb Code     0  entry7b.o(.ARM.Collect$$$$00000008)
    _main_cpp_init                           0x08000139   Thumb Code     0  entry8b.o(.ARM.Collect$$$$0000000A)
    _main_init                               0x08000139   Thumb Code     0  entry9a.o(.ARM.Collect$$$$0000000B)
    __rt_final_cpp                           0x08000141   Thumb Code     0  entry10a.o(.ARM.Collect$$$$0000000D)
    __rt_final_exit                          0x08000141   Thumb Code     0  entry11a.o(.ARM.Collect$$$$0000000F)
    main                                     0x08000145   Thumb Code   162  main.o(.text)
    SystemInit                               0x080002e3   Thumb Code    78  system_stm32f10x.o(.text)
    SystemCoreClockUpdate                    0x08000331   Thumb Code   142  system_stm32f10x.o(.text)
    Reset_Handler                            0x080003e5   Thumb Code     8  startup_stm32f10x_hd.o(.text)
    NMI_Handler                              0x080003ed   Thumb Code     2  startup_stm32f10x_hd.o(.text)
    HardFault_Handler                        0x080003ef   Thumb Code     2  startup_stm32f10x_hd.o(.text)
    MemManage_Handler                        0x080003f1   Thumb Code     2  startup_stm32f10x_hd.o(.text)
    BusFault_Handler                         0x080003f3   Thumb Code     2  startup_stm32f10x_hd.o(.text)
    UsageFault_Handler                       0x080003f5   Thumb Code     2  startup_stm32f10x_hd.o(.text)
    SVC_Handler                              0x080003f7   Thumb Code     2  startup_stm32f10x_hd.o(.text)
    DebugMon_Handler                         0x080003f9   Thumb Code     2  startup_stm32f10x_hd.o(.text)
    PendSV_Handler                           0x080003fb   Thumb Code     2  startup_stm32f10x_hd.o(.text)
    SysTick_Handler                          0x080003fd   Thumb Code     2  startup_stm32f10x_hd.o(.text)
    ADC1_2_IRQHandler                        0x080003ff   Thumb Code     0  startup_stm32f10x_hd.o(.text)
    ADC3_IRQHandler                          0x080003ff   Thumb Code     0  startup_stm32f10x_hd.o(.text)
    CAN1_RX1_IRQHandler                      0x080003ff   Thumb Code     0  startup_stm32f10x_hd.o(.text)
    CAN1_SCE_IRQHandler                      0x080003ff   Thumb Code     0  startup_stm32f10x_hd.o(.text)
    DMA1_Channel1_IRQHandler                 0x080003ff   Thumb Code     0  startup_stm32f10x_hd.o(.text)
    DMA1_Channel2_IRQHandler                 0x080003ff   Thumb Code     0  startup_stm32f10x_hd.o(.text)
    DMA1_Channel3_IRQHandler                 0x080003ff   Thumb Code     0  startup_stm32f10x_hd.o(.text)
    DMA1_Channel4_IRQHandler                 0x080003ff   Thumb Code     0  startup_stm32f10x_hd.o(.text)
    DMA1_Channel5_IRQHandler                 0x080003ff   Thumb Code     0  startup_stm32f10x_hd.o(.text)
    DMA1_Channel6_IRQHandler                 0x080003ff   Thumb Code     0  startup_stm32f10x_hd.o(.text)
    DMA1_Channel7_IRQHandler                 0x080003ff   Thumb Code     0  startup_stm32f10x_hd.o(.text)
    DMA2_Channel1_IRQHandler                 0x080003ff   Thumb Code     0  startup_stm32f10x_hd.o(.text)
    DMA2_Channel2_IRQHandler                 0x080003ff   Thumb Code     0  startup_stm32f10x_hd.o(.text)
    DMA2_Channel3_IRQHandler                 0x080003ff   Thumb Code     0  startup_stm32f10x_hd.o(.text)
    DMA2_Channel4_5_IRQHandler               0x080003ff   Thumb Code     0  startup_stm32f10x_hd.o(.text)
    EXTI0_IRQHandler                         0x080003ff   Thumb Code     0  startup_stm32f10x_hd.o(.text)
    EXTI15_10_IRQHandler                     0x080003ff   Thumb Code     0  startup_stm32f10x_hd.o(.text)
    EXTI1_IRQHandler                         0x080003ff   Thumb Code     0  startup_stm32f10x_hd.o(.text)
    EXTI2_IRQHandler                         0x080003ff   Thumb Code     0  startup_stm32f10x_hd.o(.text)
    EXTI3_IRQHandler                         0x080003ff   Thumb Code     0  startup_stm32f10x_hd.o(.text)
    EXTI4_IRQHandler                         0x080003ff   Thumb Code     0  startup_stm32f10x_hd.o(.text)
    EXTI9_5_IRQHandler                       0x080003ff   Thumb Code     0  startup_stm32f10x_hd.o(.text)
    FLASH_IRQHandler                         0x080003ff   Thumb Code     0  startup_stm32f10x_hd.o(.text)
    FSMC_IRQHandler                          0x080003ff   Thumb Code     0  startup_stm32f10x_hd.o(.text)
    I2C1_ER_IRQHandler                       0x080003ff   Thumb Code     0  startup_stm32f10x_hd.o(.text)
    I2C1_EV_IRQHandler                       0x080003ff   Thumb Code     0  startup_stm32f10x_hd.o(.text)
    I2C2_ER_IRQHandler                       0x080003ff   Thumb Code     0  startup_stm32f10x_hd.o(.text)
    I2C2_EV_IRQHandler                       0x080003ff   Thumb Code     0  startup_stm32f10x_hd.o(.text)
    PVD_IRQHandler                           0x080003ff   Thumb Code     0  startup_stm32f10x_hd.o(.text)
    RCC_IRQHandler                           0x080003ff   Thumb Code     0  startup_stm32f10x_hd.o(.text)
    RTCAlarm_IRQHandler                      0x080003ff   Thumb Code     0  startup_stm32f10x_hd.o(.text)
    RTC_IRQHandler                           0x080003ff   Thumb Code     0  startup_stm32f10x_hd.o(.text)
    SDIO_IRQHandler                          0x080003ff   Thumb Code     0  startup_stm32f10x_hd.o(.text)
    SPI1_IRQHandler                          0x080003ff   Thumb Code     0  startup_stm32f10x_hd.o(.text)
    SPI2_IRQHandler                          0x080003ff   Thumb Code     0  startup_stm32f10x_hd.o(.text)
    SPI3_IRQHandler                          0x080003ff   Thumb Code     0  startup_stm32f10x_hd.o(.text)
    TAMPER_IRQHandler                        0x080003ff   Thumb Code     0  startup_stm32f10x_hd.o(.text)
    TIM1_BRK_IRQHandler                      0x080003ff   Thumb Code     0  startup_stm32f10x_hd.o(.text)
    TIM1_CC_IRQHandler                       0x080003ff   Thumb Code     0  startup_stm32f10x_hd.o(.text)
    TIM1_TRG_COM_IRQHandler                  0x080003ff   Thumb Code     0  startup_stm32f10x_hd.o(.text)
    TIM1_UP_IRQHandler                       0x080003ff   Thumb Code     0  startup_stm32f10x_hd.o(.text)
    TIM5_IRQHandler                          0x080003ff   Thumb Code     0  startup_stm32f10x_hd.o(.text)
    TIM6_IRQHandler                          0x080003ff   Thumb Code     0  startup_stm32f10x_hd.o(.text)
    TIM7_IRQHandler                          0x080003ff   Thumb Code     0  startup_stm32f10x_hd.o(.text)
    TIM8_BRK_IRQHandler                      0x080003ff   Thumb Code     0  startup_stm32f10x_hd.o(.text)
    TIM8_CC_IRQHandler                       0x080003ff   Thumb Code     0  startup_stm32f10x_hd.o(.text)
    TIM8_TRG_COM_IRQHandler                  0x080003ff   Thumb Code     0  startup_stm32f10x_hd.o(.text)
    TIM8_UP_IRQHandler                       0x080003ff   Thumb Code     0  startup_stm32f10x_hd.o(.text)
    UART4_IRQHandler                         0x080003ff   Thumb Code     0  startup_stm32f10x_hd.o(.text)
    UART5_IRQHandler                         0x080003ff   Thumb Code     0  startup_stm32f10x_hd.o(.text)
    USART1_IRQHandler                        0x080003ff   Thumb Code     0  startup_stm32f10x_hd.o(.text)
    USART2_IRQHandler                        0x080003ff   Thumb Code     0  startup_stm32f10x_hd.o(.text)
    USBWakeUp_IRQHandler                     0x080003ff   Thumb Code     0  startup_stm32f10x_hd.o(.text)
    USB_HP_CAN1_TX_IRQHandler                0x080003ff   Thumb Code     0  startup_stm32f10x_hd.o(.text)
    USB_LP_CAN1_RX0_IRQHandler               0x080003ff   Thumb Code     0  startup_stm32f10x_hd.o(.text)
    WWDG_IRQHandler                          0x080003ff   Thumb Code     0  startup_stm32f10x_hd.o(.text)
    MY_NVIC_SetVectorTable                   0x08000409   Thumb Code    12  sys.o(.text)
    MY_NVIC_PriorityGroupConfig              0x08000415   Thumb Code    36  sys.o(.text)
    MY_NVIC_Init                             0x08000439   Thumb Code   146  sys.o(.text)
    Ex_NVIC_Config                           0x080004cb   Thumb Code   146  sys.o(.text)
    MYRCC_DeInit                             0x0800055d   Thumb Code    90  sys.o(.text)
    Stm32_Clock_Init                         0x080005b7   Thumb Code   134  sys.o(.text)
    delay_init                               0x08000669   Thumb Code    56  delay.o(.text)
    delay_ms                                 0x080006a1   Thumb Code    56  delay.o(.text)
    delay_us                                 0x080006d9   Thumb Code    56  delay.o(.text)
    USART3_Init                              0x08000719   Thumb Code   228  usart.o(.text)
    Uart3_PutChar                            0x080007fd   Thumb Code    46  usart.o(.text)
    USART3_IRQHandler                        0x0800082b   Thumb Code    28  usart.o(.text)
    HC595Send                                0x08000859   Thumb Code   136  io.o(.text)
    front_inc                                0x080008e1   Thumb Code    20  io.o(.text)
    TASK_MOTOR_OPEN                          0x080008f5   Thumb Code    80  io.o(.text)
    TASK_MOTOR_STOP                          0x08000945   Thumb Code    30  io.o(.text)
    TASK_MOTOR                               0x08000963   Thumb Code   292  io.o(.text)
    HC165In                                  0x08000a87   Thumb Code   134  io.o(.text)
    TASK_MOTOR_CHK                           0x08000b0d   Thumb Code    30  io.o(.text)
    creat_sq                                 0x08000b2b   Thumb Code    12  io.o(.text)
    rear_inc                                 0x08000b37   Thumb Code    20  io.o(.text)
    TASK_KEY_CHK                             0x08000b4b   Thumb Code    36  io.o(.text)
    TASK_THING_FULL                          0x08000b6f   Thumb Code    20  io.o(.text)
    TASK_THING_EMPTY                         0x08000b83   Thumb Code    20  io.o(.text)
    IO_Init                                  0x08000b97   Thumb Code   486  io.o(.text)
    TIM2_Init                                0x08000d8d   Thumb Code    68  tim.o(.text)
    TIM2_Start                               0x08000dd1   Thumb Code    18  tim.o(.text)
    TIM2_Stop                                0x08000de3   Thumb Code    22  tim.o(.text)
    TIM2_Continue                            0x08000df9   Thumb Code    22  tim.o(.text)
    TIM2_IRQHandler                          0x08000e0f   Thumb Code    42  tim.o(.text)
    Timer3_Init                              0x08000e39   Thumb Code    82  tim.o(.text)
    TIM3_IRQHandler                          0x08000e8b   Thumb Code    24  tim.o(.text)
    TIM4_Init                                0x08000ea3   Thumb Code    82  tim.o(.text)
    TIM4_IRQHandler                          0x08000ef5   Thumb Code    48  tim.o(.text)
    TIM_Init                                 0x08000f25   Thumb Code    30  tim.o(.text)
    hex_to_bcd                               0x08000f5d   Thumb Code   108  mcu_api.o(.text)
    my_strlen                                0x08000fc9   Thumb Code    28  mcu_api.o(.text)
    my_memset                                0x08000fe5   Thumb Code    34  mcu_api.o(.text)
    my_memcpy                                0x08001007   Thumb Code    68  mcu_api.o(.text)
    my_strcpy                                0x0800104b   Thumb Code    34  mcu_api.o(.text)
    my_strcmp                                0x0800106d   Thumb Code    40  mcu_api.o(.text)
    int_to_byte                              0x08001095   Thumb Code    16  mcu_api.o(.text)
    byte_to_int                              0x080010a5   Thumb Code    26  mcu_api.o(.text)
    mcu_dp_raw_update                        0x080010bf   Thumb Code   112  mcu_api.o(.text)
    mcu_dp_bool_update                       0x0800112f   Thumb Code    96  mcu_api.o(.text)
    mcu_dp_value_update                      0x0800118f   Thumb Code   116  mcu_api.o(.text)
    mcu_dp_string_update                     0x08001203   Thumb Code   112  mcu_api.o(.text)
    mcu_dp_enum_update                       0x08001273   Thumb Code    82  mcu_api.o(.text)
    mcu_dp_fault_update                      0x080012c5   Thumb Code   194  mcu_api.o(.text)
    mcu_get_dp_download_bool                 0x08001387   Thumb Code     6  mcu_api.o(.text)
    mcu_get_dp_download_enum                 0x0800138d   Thumb Code     6  mcu_api.o(.text)
    mcu_get_dp_download_value                0x08001393   Thumb Code    14  mcu_api.o(.text)
    uart_receive_input                       0x080013a1   Thumb Code    74  mcu_api.o(.text)
    uart_receive_buff_input                  0x080013eb   Thumb Code    28  mcu_api.o(.text)
    cellular_uart_service                    0x08001407   Thumb Code   262  mcu_api.o(.text)
    cellular_protocol_init                   0x0800150d   Thumb Code    24  mcu_api.o(.text)
    mcu_get_reset_celluluar_flag             0x08001525   Thumb Code     6  mcu_api.o(.text)
    mcu_reset_cellular                       0x0800152b   Thumb Code    20  mcu_api.o(.text)
    mcu_get_cellular_mode_flag               0x0800153f   Thumb Code     6  mcu_api.o(.text)
    mcu_set_cellular_mode                    0x08001545   Thumb Code    34  mcu_api.o(.text)
    mcu_get_cellular_work_state              0x08001567   Thumb Code     6  mcu_api.o(.text)
    uart_transmit_output                     0x08001591   Thumb Code    12  protocol.o(.text)
    all_data_update                          0x0800159d   Thumb Code     2  protocol.o(.text)
    dp_download_handle                       0x08001651   Thumb Code    36  protocol.o(.text)
    get_download_cmd_total                   0x08001675   Thumb Code     4  protocol.o(.text)
    set_cellular_uart_byte                   0x0800168d   Thumb Code    12  system.o(.text)
    set_cellular_uart_buffer                 0x08001699   Thumb Code    34  system.o(.text)
    get_check_sum                            0x080016bb   Thumb Code    28  system.o(.text)
    cellular_uart_write_frame                0x080016fb   Thumb Code    76  system.o(.text)
    data_handle                              0x0800189b   Thumb Code   180  system.o(.text)
    with_data_rxbuff                         0x0800194f   Thumb Code    20  system.o(.text)
    take_byte_rxbuff                         0x08001963   Thumb Code    46  system.o(.text)
    __aeabi_fadd                             0x080019f1   Thumb Code   164  fadd.o(.text)
    __aeabi_fsub                             0x08001a95   Thumb Code     6  fadd.o(.text)
    __aeabi_frsub                            0x08001a9b   Thumb Code     6  fadd.o(.text)
    __aeabi_fmul                             0x08001aa1   Thumb Code   100  fmul.o(.text)
    __aeabi_fdiv                             0x08001b05   Thumb Code   124  fdiv.o(.text)
    __aeabi_ui2f                             0x08001b81   Thumb Code    10  ffltui.o(.text)
    __aeabi_f2uiz                            0x08001b8b   Thumb Code    40  ffixui.o(.text)
    __I$use$fp                               0x08001bb3   Thumb Code     0  iusefp.o(.text)
    _float_round                             0x08001bb3   Thumb Code    18  fepilogue.o(.text)
    _float_epilogue                          0x08001bc5   Thumb Code    92  fepilogue.o(.text)
    __scatterload                            0x08001c21   Thumb Code    28  init.o(.text)
    __scatterload_rt2                        0x08001c21   Thumb Code     0  init.o(.text)
    __scatterload_copy                       0x08001c45   Thumb Code    14  handlers.o(i.__scatterload_copy)
    __scatterload_null                       0x08001c53   Thumb Code     2  handlers.o(i.__scatterload_null)
    __scatterload_zeroinit                   0x08001c55   Thumb Code    14  handlers.o(i.__scatterload_zeroinit)
    download_cmd                             0x08001c62   Data           4  protocol.o(.constdata)
    Region$$Table$$Base                      0x08001c68   Number         0  anon$$obj.o(Region$$Table)
    Region$$Table$$Limit                     0x08001c88   Number         0  anon$$obj.o(Region$$Table)
    SystemCoreClock                          0x20000000   Data           4  system_stm32f10x.o(.data)
    AHBPrescTable                            0x20000004   Data          16  system_stm32f10x.o(.data)
    MOTOR_STATE                              0x20000018   Data           1  io.o(.data)
    MAIN_DATA                                0x2000001a   Data           2  io.o(.data)
    F_TASK_MOTOR_OPEN                        0x2000001c   Data           1  io.o(.data)
    F_TASK_MOTOR_STOP                        0x2000001d   Data           1  io.o(.data)
    F_TASK_MOTOR                             0x2000001e   Data           1  io.o(.data)
    F_TASK_MOTOR_CHK                         0x2000001f   Data           1  io.o(.data)
    MOTOR_NUM                                0x20000020   Data           1  io.o(.data)
    THING_NUM                                0x20000021   Data          10  io.o(.data)
    Q_U3                                     0x2000002b   Data           3  io.o(.data)
    F_TASK_KEY_CHK                           0x2000002e   Data           1  io.o(.data)
    F_TASK_THING_FULL                        0x2000002f   Data           1  io.o(.data)
    F_TASK_CHK_ALLOW                         0x20000030   Data           1  tim.o(.data)
    rx_buf_in                                0x20000034   Data           4  system.o(.data)
    rx_buf_out                               0x20000038   Data           4  system.o(.data)
    stop_update_flag                         0x2000003c   Data           1  system.o(.data)
    reset_cellular_flag                      0x2000003d   Data           1  system.o(.data)
    set_cellularmode_flag                    0x2000003e   Data           1  system.o(.data)
    cellular_work_state                      0x2000003f   Data           1  system.o(.data)
    IoT_receive                              0x20000044   Data          50  io.o(.bss)
    cellular_data_process_buf                0x20000076   Data          31  system.o(.bss)
    cellular_uart_rx_buf                     0x20000095   Data          23  system.o(.bss)
    cellular_uart_tx_buf                     0x200000ac   Data          55  system.o(.bss)
    __initial_sp                             0x200004e8   Data           0  startup_stm32f10x_hd.o(STACK)



==============================================================================

Memory Map of the image

  Image Entry point : 0x08000131

  Load Region LR_IROM1 (Base: 0x08000000, Size: 0x00001ccc, Max: 0x00080000, ABSOLUTE)

    Execution Region ER_IROM1 (Base: 0x08000000, Size: 0x00001c88, Max: 0x00080000, ABSOLUTE)

    Base Addr    Size         Type   Attr      Idx    E Section Name        Object

    0x08000000   0x00000130   Data   RO          191    RESET               startup_stm32f10x_hd.o
    0x08000130   0x00000000   Code   RO          359  * .ARM.Collect$$$$00000000  mc_w.l(entry.o)
    0x08000130   0x00000004   Code   RO          372    .ARM.Collect$$$$00000001  mc_w.l(entry2.o)
    0x08000134   0x00000004   Code   RO          375    .ARM.Collect$$$$00000004  mc_w.l(entry5.o)
    0x08000138   0x00000000   Code   RO          377    .ARM.Collect$$$$00000008  mc_w.l(entry7b.o)
    0x08000138   0x00000000   Code   RO          379    .ARM.Collect$$$$0000000A  mc_w.l(entry8b.o)
    0x08000138   0x00000008   Code   RO          380    .ARM.Collect$$$$0000000B  mc_w.l(entry9a.o)
    0x08000140   0x00000000   Code   RO          382    .ARM.Collect$$$$0000000D  mc_w.l(entry10a.o)
    0x08000140   0x00000000   Code   RO          384    .ARM.Collect$$$$0000000F  mc_w.l(entry11a.o)
    0x08000140   0x00000004   Code   RO          373    .ARM.Collect$$$$00002712  mc_w.l(entry2.o)
    0x08000144   0x000000c0   Code   RO            1    .text               main.o
    0x08000204   0x000001e0   Code   RO          141    .text               system_stm32f10x.o
    0x080003e4   0x00000024   Code   RO          192    .text               startup_stm32f10x_hd.o
    0x08000408   0x00000260   Code   RO          197    .text               sys.o
    0x08000668   0x000000b0   Code   RO          215    .text               delay.o
    0x08000718   0x00000140   Code   RO          232    .text               usart.o
    0x08000858   0x00000534   Code   RO          247    .text               io.o
    0x08000d8c   0x000001d0   Code   RO          270    .text               tim.o
    0x08000f5c   0x00000634   Code   RO          292    .text               mcu_api.o
    0x08001590   0x000000fc   Code   RO          321    .text               protocol.o
    0x0800168c   0x00000364   Code   RO          339    .text               system.o
    0x080019f0   0x000000b0   Code   RO          362    .text               mf_w.l(fadd.o)
    0x08001aa0   0x00000064   Code   RO          364    .text               mf_w.l(fmul.o)
    0x08001b04   0x0000007c   Code   RO          366    .text               mf_w.l(fdiv.o)
    0x08001b80   0x0000000a   Code   RO          368    .text               mf_w.l(ffltui.o)
    0x08001b8a   0x00000028   Code   RO          370    .text               mf_w.l(ffixui.o)
    0x08001bb2   0x00000000   Code   RO          386    .text               mc_w.l(iusefp.o)
    0x08001bb2   0x0000006e   Code   RO          387    .text               mf_w.l(fepilogue.o)
    0x08001c20   0x00000024   Code   RO          389    .text               mc_w.l(init.o)
    0x08001c44   0x0000000e   Code   RO          393    i.__scatterload_copy  mc_w.l(handlers.o)
    0x08001c52   0x00000002   Code   RO          394    i.__scatterload_null  mc_w.l(handlers.o)
    0x08001c54   0x0000000e   Code   RO          395    i.__scatterload_zeroinit  mc_w.l(handlers.o)
    0x08001c62   0x00000004   Data   RO          322    .constdata          protocol.o
    0x08001c66   0x00000002   PAD
    0x08001c68   0x00000020   Data   RO          391    Region$$Table       anon$$obj.o


    Execution Region RW_IRAM1 (Base: 0x20000000, Size: 0x000004e8, Max: 0x00010000, ABSOLUTE)

    Base Addr    Size         Type   Attr      Idx    E Section Name        Object

    0x20000000   0x00000014   Data   RW          142    .data               system_stm32f10x.o
    0x20000014   0x00000004   Data   RW          216    .data               delay.o
    0x20000018   0x00000018   Data   RW          249    .data               io.o
    0x20000030   0x00000001   Data   RW          271    .data               tim.o
    0x20000031   0x00000001   PAD
    0x20000032   0x00000002   Data   RW          293    .data               mcu_api.o
    0x20000034   0x0000000d   Data   RW          341    .data               system.o
    0x20000041   0x00000003   PAD
    0x20000044   0x00000032   Zero   RW          248    .bss                io.o
    0x20000076   0x0000006d   Zero   RW          340    .bss                system.o
    0x200000e3   0x00000005   PAD
    0x200000e8   0x00000400   Zero   RW          189    STACK               startup_stm32f10x_hd.o


==============================================================================

Image component sizes


      Code (inc. data)   RO Data    RW Data    ZI Data      Debug   Object Name

         0          0          0          0          0         32   core_cm3.o
       176          8          0          4          0        959   delay.o
      1332         72          0         24         50       5720   io.o
       192         30          0          0          0     208231   main.o
      1588         60          0          2          0       9581   mcu_api.o
       252         20          4          0          0       2132   protocol.o
        36          8        304          0       1024        872   startup_stm32f10x_hd.o
       608         44          0          0          0       1963   sys.o
       868        106          0         13        109       6033   system.o
       480         38          0         20          0       1947   system_stm32f10x.o
       464         26          0          1          0       2009   tim.o
       320         18          0          0          0       1002   usart.o

    ----------------------------------------------------------------------
      6316        430        342         68       1188     240481   Object Totals
         0          0         32          0          0          0   (incl. Generated)
         0          0          2          4          5          0   (incl. Padding)

    ----------------------------------------------------------------------

      Code (inc. data)   RO Data    RW Data    ZI Data      Debug   Library Member Name

         0          0          0          0          0          0   entry.o
         0          0          0          0          0          0   entry10a.o
         0          0          0          0          0          0   entry11a.o
         8          4          0          0          0          0   entry2.o
         4          0          0          0          0          0   entry5.o
         0          0          0          0          0          0   entry7b.o
         0          0          0          0          0          0   entry8b.o
         8          4          0          0          0          0   entry9a.o
        30          0          0          0          0          0   handlers.o
        36          8          0          0          0         68   init.o
         0          0          0          0          0          0   iusefp.o
       176          0          0          0          0        140   fadd.o
       124          0          0          0          0         88   fdiv.o
       110          0          0          0          0        168   fepilogue.o
        40          0          0          0          0         68   ffixui.o
        10          0          0          0          0         68   ffltui.o
       100          0          0          0          0         76   fmul.o

    ----------------------------------------------------------------------
       646         16          0          0          0        676   Library Totals
         0          0          0          0          0          0   (incl. Padding)

    ----------------------------------------------------------------------

      Code (inc. data)   RO Data    RW Data    ZI Data      Debug   Library Name

        86         16          0          0          0         68   mc_w.l
       560          0          0          0          0        608   mf_w.l

    ----------------------------------------------------------------------
       646         16          0          0          0        676   Library Totals

    ----------------------------------------------------------------------

==============================================================================


      Code (inc. data)   RO Data    RW Data    ZI Data      Debug   

      6962        446        342         68       1188     240269   Grand Totals
      6962        446        342         68       1188     240269   ELF Image Totals
      6962        446        342         68          0          0   ROM Totals

==============================================================================

    Total RO  Size (Code + RO Data)                 7304 (   7.13kB)
    Total RW  Size (RW Data + ZI Data)              1256 (   1.23kB)
    Total ROM Size (Code + RO Data + RW Data)       7372 (   7.20kB)

==============================================================================

